// Jest Snapshot v1, https://goo.gl/fbAQLP

exports[`Questions Component Testcast create the right snapshots 1`] = `
ShallowWrapper {
  "length": 1,
  Symbol(enzyme.__root__): [Circular],
  Symbol(enzyme.__unrendered__): <Questions
    questions={
        Array [
            Object {
              "description": "Question Description",
              "id": 3,
              "title": "Question Title",
            },
            Object {
              "description": "Question Description",
              "id": 3,
              "title": "Question Title",
            },
            Object {
              "description": "Question Description",
              "id": 3,
              "title": "Question Title",
            },
            Object {
              "description": "Question Description",
              "id": 3,
              "title": "Question Title",
            },
            Object {
              "description": "Question Description",
              "id": 3,
              "title": "Question Title",
            },
            Object {
              "description": "Question Description",
              "id": 3,
              "title": "Question Title",
            },
            Object {
              "description": "Question Description",
              "id": 3,
              "title": "Question Title",
            },
            Object {
              "description": "Question Description",
              "id": 3,
              "title": "Question Title",
            },
            Object {
              "description": "Question Description",
              "id": 3,
              "title": "Question Title",
            },
            Object {
              "description": "Question Description",
              "id": 3,
              "title": "Question Title",
            },
          ]
    }
/>,
  Symbol(enzyme.__renderer__): Object {
    "batchedUpdates": [Function],
    "getNode": [Function],
    "render": [Function],
    "simulateEvent": [Function],
    "unmount": [Function],
  },
  Symbol(enzyme.__node__): Object {
    "instance": null,
    "key": undefined,
    "nodeType": "host",
    "props": Object {
      "children": Array [
        <Question
          description="Question Description"
          id={3}
          title="Question Title"
/>,
        <Question
          description="Question Description"
          id={3}
          title="Question Title"
/>,
        <Question
          description="Question Description"
          id={3}
          title="Question Title"
/>,
        <Question
          description="Question Description"
          id={3}
          title="Question Title"
/>,
        <Question
          description="Question Description"
          id={3}
          title="Question Title"
/>,
        <Question
          description="Question Description"
          id={3}
          title="Question Title"
/>,
        <Question
          description="Question Description"
          id={3}
          title="Question Title"
/>,
        <Question
          description="Question Description"
          id={3}
          title="Question Title"
/>,
        <Question
          description="Question Description"
          id={3}
          title="Question Title"
/>,
        <Question
          description="Question Description"
          id={3}
          title="Question Title"
/>,
      ],
    },
    "ref": null,
    "rendered": Array [
      Object {
        "instance": null,
        "key": "0",
        "nodeType": "function",
        "props": Object {
          "description": "Question Description",
          "id": 3,
          "title": "Question Title",
        },
        "ref": null,
        "rendered": null,
        "type": [Function],
      },
      Object {
        "instance": null,
        "key": "1",
        "nodeType": "function",
        "props": Object {
          "description": "Question Description",
          "id": 3,
          "title": "Question Title",
        },
        "ref": null,
        "rendered": null,
        "type": [Function],
      },
      Object {
        "instance": null,
        "key": "2",
        "nodeType": "function",
        "props": Object {
          "description": "Question Description",
          "id": 3,
          "title": "Question Title",
        },
        "ref": null,
        "rendered": null,
        "type": [Function],
      },
      Object {
        "instance": null,
        "key": "3",
        "nodeType": "function",
        "props": Object {
          "description": "Question Description",
          "id": 3,
          "title": "Question Title",
        },
        "ref": null,
        "rendered": null,
        "type": [Function],
      },
      Object {
        "instance": null,
        "key": "4",
        "nodeType": "function",
        "props": Object {
          "description": "Question Description",
          "id": 3,
          "title": "Question Title",
        },
        "ref": null,
        "rendered": null,
        "type": [Function],
      },
      Object {
        "instance": null,
        "key": "5",
        "nodeType": "function",
        "props": Object {
          "description": "Question Description",
          "id": 3,
          "title": "Question Title",
        },
        "ref": null,
        "rendered": null,
        "type": [Function],
      },
      Object {
        "instance": null,
        "key": "6",
        "nodeType": "function",
        "props": Object {
          "description": "Question Description",
          "id": 3,
          "title": "Question Title",
        },
        "ref": null,
        "rendered": null,
        "type": [Function],
      },
      Object {
        "instance": null,
        "key": "7",
        "nodeType": "function",
        "props": Object {
          "description": "Question Description",
          "id": 3,
          "title": "Question Title",
        },
        "ref": null,
        "rendered": null,
        "type": [Function],
      },
      Object {
        "instance": null,
        "key": "8",
        "nodeType": "function",
        "props": Object {
          "description": "Question Description",
          "id": 3,
          "title": "Question Title",
        },
        "ref": null,
        "rendered": null,
        "type": [Function],
      },
      Object {
        "instance": null,
        "key": "9",
        "nodeType": "function",
        "props": Object {
          "description": "Question Description",
          "id": 3,
          "title": "Question Title",
        },
        "ref": null,
        "rendered": null,
        "type": [Function],
      },
    ],
    "type": "div",
  },
  Symbol(enzyme.__nodes__): Array [
    Object {
      "instance": null,
      "key": undefined,
      "nodeType": "host",
      "props": Object {
        "children": Array [
          <Question
            description="Question Description"
            id={3}
            title="Question Title"
/>,
          <Question
            description="Question Description"
            id={3}
            title="Question Title"
/>,
          <Question
            description="Question Description"
            id={3}
            title="Question Title"
/>,
          <Question
            description="Question Description"
            id={3}
            title="Question Title"
/>,
          <Question
            description="Question Description"
            id={3}
            title="Question Title"
/>,
          <Question
            description="Question Description"
            id={3}
            title="Question Title"
/>,
          <Question
            description="Question Description"
            id={3}
            title="Question Title"
/>,
          <Question
            description="Question Description"
            id={3}
            title="Question Title"
/>,
          <Question
            description="Question Description"
            id={3}
            title="Question Title"
/>,
          <Question
            description="Question Description"
            id={3}
            title="Question Title"
/>,
        ],
      },
      "ref": null,
      "rendered": Array [
        Object {
          "instance": null,
          "key": "0",
          "nodeType": "function",
          "props": Object {
            "description": "Question Description",
            "id": 3,
            "title": "Question Title",
          },
          "ref": null,
          "rendered": null,
          "type": [Function],
        },
        Object {
          "instance": null,
          "key": "1",
          "nodeType": "function",
          "props": Object {
            "description": "Question Description",
            "id": 3,
            "title": "Question Title",
          },
          "ref": null,
          "rendered": null,
          "type": [Function],
        },
        Object {
          "instance": null,
          "key": "2",
          "nodeType": "function",
          "props": Object {
            "description": "Question Description",
            "id": 3,
            "title": "Question Title",
          },
          "ref": null,
          "rendered": null,
          "type": [Function],
        },
        Object {
          "instance": null,
          "key": "3",
          "nodeType": "function",
          "props": Object {
            "description": "Question Description",
            "id": 3,
            "title": "Question Title",
          },
          "ref": null,
          "rendered": null,
          "type": [Function],
        },
        Object {
          "instance": null,
          "key": "4",
          "nodeType": "function",
          "props": Object {
            "description": "Question Description",
            "id": 3,
            "title": "Question Title",
          },
          "ref": null,
          "rendered": null,
          "type": [Function],
        },
        Object {
          "instance": null,
          "key": "5",
          "nodeType": "function",
          "props": Object {
            "description": "Question Description",
            "id": 3,
            "title": "Question Title",
          },
          "ref": null,
          "rendered": null,
          "type": [Function],
        },
        Object {
          "instance": null,
          "key": "6",
          "nodeType": "function",
          "props": Object {
            "description": "Question Description",
            "id": 3,
            "title": "Question Title",
          },
          "ref": null,
          "rendered": null,
          "type": [Function],
        },
        Object {
          "instance": null,
          "key": "7",
          "nodeType": "function",
          "props": Object {
            "description": "Question Description",
            "id": 3,
            "title": "Question Title",
          },
          "ref": null,
          "rendered": null,
          "type": [Function],
        },
        Object {
          "instance": null,
          "key": "8",
          "nodeType": "function",
          "props": Object {
            "description": "Question Description",
            "id": 3,
            "title": "Question Title",
          },
          "ref": null,
          "rendered": null,
          "type": [Function],
        },
        Object {
          "instance": null,
          "key": "9",
          "nodeType": "function",
          "props": Object {
            "description": "Question Description",
            "id": 3,
            "title": "Question Title",
          },
          "ref": null,
          "rendered": null,
          "type": [Function],
        },
      ],
      "type": "div",
    },
  ],
  Symbol(enzyme.__options__): Object {
    "adapter": ReactSixteenAdapter {
      "options": Object {
        "enableComponentDidUpdateOnSetState": true,
      },
    },
  },
}
`;
